WARNING: All log messages before absl::InitializeLog() is called are written to STDERR
E0000 00:00:1785521667.887144    6171 cuda_dnn.cc:8579] Unable to register cuDNN factory: Attempting to register factory for plugin cuDNN when one has already been registered
E0000 00:00:1785521667.892092    6171 cuda_blas.cc:1407] Unable to register cuBLAS factory: Attempting to register factory for plugin cuBLAS when one has already been registered
W0000 00:00:1785521667.905817    6171 computation_placer.cc:177] computation placer already registered. Please check linkage and avoid linking the same target more than once.
W0000 00:00:1785521667.905859    6171 computation_placer.cc:177] computation placer already registered. Please check linkage and avoid linking the same target more than once.
W0000 00:00:1785521667.905862    6171 computation_placer.cc:177] computation placer already registered. Please check linkage and avoid linking the same target more than once.
W0000 00:00:1785521667.905863    6171 computation_placer.cc:177] computation placer already registered. Please check linkage and avoid linking the same target more than once.
/home/scramer/VectorBlox-SDK/vbx_env/lib/python3.10/site-packages/tensorflow/lite/python/interpreter.py:457: UserWarning:     Warning: tf.lite.Interpreter is deprecated and is scheduled for deletion in
    TF 2.20. Please use the LiteRT interpreter from the ai_edge_litert package.
    See the [migration guide](https://ai.google.dev/edge/litert/migration)
    for details.
    
  warnings.warn(_INTERPRETER_DELETION_WARNING)
/home/scramer/VectorBlox-SDK/vbx_env/lib/python3.10/site-packages/tensorflow/lite/python/interpreter.py:465: UserWarning: Warning: Enabling `experimental_preserve_all_tensors` with the BUILTIN or AUTO op resolver is intended for debugging purposes only. Be aware that this can significantly increase memory usage by storing all intermediate tensors. If you encounter memory problems or are not actively debugging, consider disabling this option.
  warnings.warn(
INFO: Created TensorFlow Lite XNNPACK delegate for CPU.
/home/scramer/VectorBlox-SDK/vbx_env/lib/python3.10/site-packages/tensorflow/lite/python/interpreter.py:457: UserWarning:     Warning: tf.lite.Interpreter is deprecated and is scheduled for deletion in
    TF 2.20. Please use the LiteRT interpreter from the ai_edge_litert package.
    See the [migration guide](https://ai.google.dev/edge/litert/migration)
    for details.
    
  warnings.warn(_INTERPRETER_DELETION_WARNING)
/home/scramer/VectorBlox-SDK/vbx_env/lib/python3.10/site-packages/tensorflow/lite/python/interpreter.py:465: UserWarning: Warning: Enabling `experimental_preserve_all_tensors` with the BUILTIN or AUTO op resolver is intended for debugging purposes only. Be aware that this can significantly increase memory usage by storing all intermediate tensors. If you encounter memory problems or are not actively debugging, consider disabling this option.
  warnings.warn(
/home/scramer/VectorBlox-SDK/vbx_env/lib/python3.10/site-packages/tensorflow/lite/python/interpreter.py:457: UserWarning:     Warning: tf.lite.Interpreter is deprecated and is scheduled for deletion in
    TF 2.20. Please use the LiteRT interpreter from the ai_edge_litert package.
    See the [migration guide](https://ai.google.dev/edge/litert/migration)
    for details.
    
  warnings.warn(_INTERPRETER_DELETION_WARNING)
/home/scramer/VectorBlox-SDK/vbx_env/lib/python3.10/site-packages/tensorflow/lite/python/interpreter.py:465: UserWarning: Warning: Enabling `experimental_preserve_all_tensors` with the BUILTIN or AUTO op resolver is intended for debugging purposes only. Be aware that this can significantly increase memory usage by storing all intermediate tensors. If you encounter memory problems or are not actively debugging, consider disabling this option.
  warnings.warn(
/home/scramer/VectorBlox-SDK/vbx_env/lib/python3.10/site-packages/tensorflow/lite/python/interpreter.py:457: UserWarning:     Warning: tf.lite.Interpreter is deprecated and is scheduled for deletion in
    TF 2.20. Please use the LiteRT interpreter from the ai_edge_litert package.
    See the [migration guide](https://ai.google.dev/edge/litert/migration)
    for details.
    
  warnings.warn(_INTERPRETER_DELETION_WARNING)
/home/scramer/VectorBlox-SDK/vbx_env/lib/python3.10/site-packages/tensorflow/lite/python/interpreter.py:465: UserWarning: Warning: Enabling `experimental_preserve_all_tensors` with the BUILTIN or AUTO op resolver is intended for debugging purposes only. Be aware that this can significantly increase memory usage by storing all intermediate tensors. If you encounter memory problems or are not actively debugging, consider disabling this option.
  warnings.warn(
/home/scramer/VectorBlox-SDK/vbx_env/lib/python3.10/site-packages/tensorflow/lite/python/interpreter.py:457: UserWarning:     Warning: tf.lite.Interpreter is deprecated and is scheduled for deletion in
    TF 2.20. Please use the LiteRT interpreter from the ai_edge_litert package.
    See the [migration guide](https://ai.google.dev/edge/litert/migration)
    for details.
    
  warnings.warn(_INTERPRETER_DELETION_WARNING)
/home/scramer/VectorBlox-SDK/vbx_env/lib/python3.10/site-packages/tensorflow/lite/python/interpreter.py:465: UserWarning: Warning: Enabling `experimental_preserve_all_tensors` with the BUILTIN or AUTO op resolver is intended for debugging purposes only. Be aware that this can significantly increase memory usage by storing all intermediate tensors. If you encounter memory problems or are not actively debugging, consider disabling this option.
  warnings.warn(
/home/scramer/VectorBlox-SDK/vbx_env/lib/python3.10/site-packages/tensorflow/lite/python/interpreter.py:457: UserWarning:     Warning: tf.lite.Interpreter is deprecated and is scheduled for deletion in
    TF 2.20. Please use the LiteRT interpreter from the ai_edge_litert package.
    See the [migration guide](https://ai.google.dev/edge/litert/migration)
    for details.
    
  warnings.warn(_INTERPRETER_DELETION_WARNING)
/home/scramer/VectorBlox-SDK/vbx_env/lib/python3.10/site-packages/tensorflow/lite/python/interpreter.py:465: UserWarning: Warning: Enabling `experimental_preserve_all_tensors` with the BUILTIN or AUTO op resolver is intended for debugging purposes only. Be aware that this can significantly increase memory usage by storing all intermediate tensors. If you encounter memory problems or are not actively debugging, consider disabling this option.
  warnings.warn(
/home/scramer/VectorBlox-SDK/vbx_env/lib/python3.10/site-packages/tensorflow/lite/python/interpreter.py:457: UserWarning:     Warning: tf.lite.Interpreter is deprecated and is scheduled for deletion in
    TF 2.20. Please use the LiteRT interpreter from the ai_edge_litert package.
    See the [migration guide](https://ai.google.dev/edge/litert/migration)
    for details.
    
  warnings.warn(_INTERPRETER_DELETION_WARNING)
/home/scramer/VectorBlox-SDK/vbx_env/lib/python3.10/site-packages/tensorflow/lite/python/interpreter.py:465: UserWarning: Warning: Enabling `experimental_preserve_all_tensors` with the BUILTIN or AUTO op resolver is intended for debugging purposes only. Be aware that this can significantly increase memory usage by storing all intermediate tensors. If you encounter memory problems or are not actively debugging, consider disabling this option.
  warnings.warn(
/home/scramer/VectorBlox-SDK/vbx_env/lib/python3.10/site-packages/tensorflow/lite/python/interpreter.py:457: UserWarning:     Warning: tf.lite.Interpreter is deprecated and is scheduled for deletion in
    TF 2.20. Please use the LiteRT interpreter from the ai_edge_litert package.
    See the [migration guide](https://ai.google.dev/edge/litert/migration)
    for details.
    
  warnings.warn(_INTERPRETER_DELETION_WARNING)
/home/scramer/VectorBlox-SDK/vbx_env/lib/python3.10/site-packages/tensorflow/lite/python/interpreter.py:465: UserWarning: Warning: Enabling `experimental_preserve_all_tensors` with the BUILTIN or AUTO op resolver is intended for debugging purposes only. Be aware that this can significantly increase memory usage by storing all intermediate tensors. If you encounter memory problems or are not actively debugging, consider disabling this option.
  warnings.warn(
/home/scramer/VectorBlox-SDK/vbx_env/lib/python3.10/site-packages/tensorflow/lite/python/interpreter.py:457: UserWarning:     Warning: tf.lite.Interpreter is deprecated and is scheduled for deletion in
    TF 2.20. Please use the LiteRT interpreter from the ai_edge_litert package.
    See the [migration guide](https://ai.google.dev/edge/litert/migration)
    for details.
    
  warnings.warn(_INTERPRETER_DELETION_WARNING)
/home/scramer/VectorBlox-SDK/vbx_env/lib/python3.10/site-packages/tensorflow/lite/python/interpreter.py:465: UserWarning: Warning: Enabling `experimental_preserve_all_tensors` with the BUILTIN or AUTO op resolver is intended for debugging purposes only. Be aware that this can significantly increase memory usage by storing all intermediate tensors. If you encounter memory problems or are not actively debugging, consider disabling this option.
  warnings.warn(
/home/scramer/VectorBlox-SDK/vbx_env/lib/python3.10/site-packages/tensorflow/lite/python/interpreter.py:457: UserWarning:     Warning: tf.lite.Interpreter is deprecated and is scheduled for deletion in
    TF 2.20. Please use the LiteRT interpreter from the ai_edge_litert package.
    See the [migration guide](https://ai.google.dev/edge/litert/migration)
    for details.
    
  warnings.warn(_INTERPRETER_DELETION_WARNING)
/home/scramer/VectorBlox-SDK/vbx_env/lib/python3.10/site-packages/tensorflow/lite/python/interpreter.py:465: UserWarning: Warning: Enabling `experimental_preserve_all_tensors` with the BUILTIN or AUTO op resolver is intended for debugging purposes only. Be aware that this can significantly increase memory usage by storing all intermediate tensors. If you encounter memory problems or are not actively debugging, consider disabling this option.
  warnings.warn(
/home/scramer/VectorBlox-SDK/vbx_env/lib/python3.10/site-packages/tensorflow/lite/python/interpreter.py:457: UserWarning:     Warning: tf.lite.Interpreter is deprecated and is scheduled for deletion in
    TF 2.20. Please use the LiteRT interpreter from the ai_edge_litert package.
    See the [migration guide](https://ai.google.dev/edge/litert/migration)
    for details.
    
  warnings.warn(_INTERPRETER_DELETION_WARNING)
/home/scramer/VectorBlox-SDK/vbx_env/lib/python3.10/site-packages/tensorflow/lite/python/interpreter.py:465: UserWarning: Warning: Enabling `experimental_preserve_all_tensors` with the BUILTIN or AUTO op resolver is intended for debugging purposes only. Be aware that this can significantly increase memory usage by storing all intermediate tensors. If you encounter memory problems or are not actively debugging, consider disabling this option.
  warnings.warn(
/home/scramer/VectorBlox-SDK/vbx_env/lib/python3.10/site-packages/tensorflow/lite/python/interpreter.py:457: UserWarning:     Warning: tf.lite.Interpreter is deprecated and is scheduled for deletion in
    TF 2.20. Please use the LiteRT interpreter from the ai_edge_litert package.
    See the [migration guide](https://ai.google.dev/edge/litert/migration)
    for details.
    
  warnings.warn(_INTERPRETER_DELETION_WARNING)
/home/scramer/VectorBlox-SDK/vbx_env/lib/python3.10/site-packages/tensorflow/lite/python/interpreter.py:465: UserWarning: Warning: Enabling `experimental_preserve_all_tensors` with the BUILTIN or AUTO op resolver is intended for debugging purposes only. Be aware that this can significantly increase memory usage by storing all intermediate tensors. If you encounter memory problems or are not actively debugging, consider disabling this option.
  warnings.warn(
/home/scramer/VectorBlox-SDK/vbx_env/lib/python3.10/site-packages/tensorflow/lite/python/interpreter.py:457: UserWarning:     Warning: tf.lite.Interpreter is deprecated and is scheduled for deletion in
    TF 2.20. Please use the LiteRT interpreter from the ai_edge_litert package.
    See the [migration guide](https://ai.google.dev/edge/litert/migration)
    for details.
    
  warnings.warn(_INTERPRETER_DELETION_WARNING)
/home/scramer/VectorBlox-SDK/vbx_env/lib/python3.10/site-packages/tensorflow/lite/python/interpreter.py:465: UserWarning: Warning: Enabling `experimental_preserve_all_tensors` with the BUILTIN or AUTO op resolver is intended for debugging purposes only. Be aware that this can significantly increase memory usage by storing all intermediate tensors. If you encounter memory problems or are not actively debugging, consider disabling this option.
  warnings.warn(
/home/scramer/VectorBlox-SDK/vbx_env/lib/python3.10/site-packages/tensorflow/lite/python/interpreter.py:457: UserWarning:     Warning: tf.lite.Interpreter is deprecated and is scheduled for deletion in
    TF 2.20. Please use the LiteRT interpreter from the ai_edge_litert package.
    See the [migration guide](https://ai.google.dev/edge/litert/migration)
    for details.
    
  warnings.warn(_INTERPRETER_DELETION_WARNING)
/home/scramer/VectorBlox-SDK/vbx_env/lib/python3.10/site-packages/tensorflow/lite/python/interpreter.py:465: UserWarning: Warning: Enabling `experimental_preserve_all_tensors` with the BUILTIN or AUTO op resolver is intended for debugging purposes only. Be aware that this can significantly increase memory usage by storing all intermediate tensors. If you encounter memory problems or are not actively debugging, consider disabling this option.
  warnings.warn(
/home/scramer/VectorBlox-SDK/vbx_env/lib/python3.10/site-packages/tensorflow/lite/python/interpreter.py:457: UserWarning:     Warning: tf.lite.Interpreter is deprecated and is scheduled for deletion in
    TF 2.20. Please use the LiteRT interpreter from the ai_edge_litert package.
    See the [migration guide](https://ai.google.dev/edge/litert/migration)
    for details.
    
  warnings.warn(_INTERPRETER_DELETION_WARNING)
/home/scramer/VectorBlox-SDK/vbx_env/lib/python3.10/site-packages/tensorflow/lite/python/interpreter.py:465: UserWarning: Warning: Enabling `experimental_preserve_all_tensors` with the BUILTIN or AUTO op resolver is intended for debugging purposes only. Be aware that this can significantly increase memory usage by storing all intermediate tensors. If you encounter memory problems or are not actively debugging, consider disabling this option.
  warnings.warn(
/home/scramer/VectorBlox-SDK/vbx_env/lib/python3.10/site-packages/tensorflow/lite/python/interpreter.py:457: UserWarning:     Warning: tf.lite.Interpreter is deprecated and is scheduled for deletion in
    TF 2.20. Please use the LiteRT interpreter from the ai_edge_litert package.
    See the [migration guide](https://ai.google.dev/edge/litert/migration)
    for details.
    
  warnings.warn(_INTERPRETER_DELETION_WARNING)
/home/scramer/VectorBlox-SDK/vbx_env/lib/python3.10/site-packages/tensorflow/lite/python/interpreter.py:465: UserWarning: Warning: Enabling `experimental_preserve_all_tensors` with the BUILTIN or AUTO op resolver is intended for debugging purposes only. Be aware that this can significantly increase memory usage by storing all intermediate tensors. If you encounter memory problems or are not actively debugging, consider disabling this option.
  warnings.warn(
/home/scramer/VectorBlox-SDK/vbx_env/lib/python3.10/site-packages/tensorflow/lite/python/interpreter.py:457: UserWarning:     Warning: tf.lite.Interpreter is deprecated and is scheduled for deletion in
    TF 2.20. Please use the LiteRT interpreter from the ai_edge_litert package.
    See the [migration guide](https://ai.google.dev/edge/litert/migration)
    for details.
    
  warnings.warn(_INTERPRETER_DELETION_WARNING)
/home/scramer/VectorBlox-SDK/vbx_env/lib/python3.10/site-packages/tensorflow/lite/python/interpreter.py:465: UserWarning: Warning: Enabling `experimental_preserve_all_tensors` with the BUILTIN or AUTO op resolver is intended for debugging purposes only. Be aware that this can significantly increase memory usage by storing all intermediate tensors. If you encounter memory problems or are not actively debugging, consider disabling this option.
  warnings.warn(
/home/scramer/VectorBlox-SDK/vbx_env/lib/python3.10/site-packages/tensorflow/lite/python/interpreter.py:457: UserWarning:     Warning: tf.lite.Interpreter is deprecated and is scheduled for deletion in
    TF 2.20. Please use the LiteRT interpreter from the ai_edge_litert package.
    See the [migration guide](https://ai.google.dev/edge/litert/migration)
    for details.
    
  warnings.warn(_INTERPRETER_DELETION_WARNING)
/home/scramer/VectorBlox-SDK/vbx_env/lib/python3.10/site-packages/tensorflow/lite/python/interpreter.py:465: UserWarning: Warning: Enabling `experimental_preserve_all_tensors` with the BUILTIN or AUTO op resolver is intended for debugging purposes only. Be aware that this can significantly increase memory usage by storing all intermediate tensors. If you encounter memory problems or are not actively debugging, consider disabling this option.
  warnings.warn(
/home/scramer/VectorBlox-SDK/vbx_env/lib/python3.10/site-packages/tensorflow/lite/python/interpreter.py:457: UserWarning:     Warning: tf.lite.Interpreter is deprecated and is scheduled for deletion in
    TF 2.20. Please use the LiteRT interpreter from the ai_edge_litert package.
    See the [migration guide](https://ai.google.dev/edge/litert/migration)
    for details.
    
  warnings.warn(_INTERPRETER_DELETION_WARNING)
/home/scramer/VectorBlox-SDK/vbx_env/lib/python3.10/site-packages/tensorflow/lite/python/interpreter.py:465: UserWarning: Warning: Enabling `experimental_preserve_all_tensors` with the BUILTIN or AUTO op resolver is intended for debugging purposes only. Be aware that this can significantly increase memory usage by storing all intermediate tensors. If you encounter memory problems or are not actively debugging, consider disabling this option.
  warnings.warn(
/home/scramer/VectorBlox-SDK/vbx_env/lib/python3.10/site-packages/tensorflow/lite/python/interpreter.py:457: UserWarning:     Warning: tf.lite.Interpreter is deprecated and is scheduled for deletion in
    TF 2.20. Please use the LiteRT interpreter from the ai_edge_litert package.
    See the [migration guide](https://ai.google.dev/edge/litert/migration)
    for details.
    
  warnings.warn(_INTERPRETER_DELETION_WARNING)
/home/scramer/VectorBlox-SDK/vbx_env/lib/python3.10/site-packages/tensorflow/lite/python/interpreter.py:465: UserWarning: Warning: Enabling `experimental_preserve_all_tensors` with the BUILTIN or AUTO op resolver is intended for debugging purposes only. Be aware that this can significantly increase memory usage by storing all intermediate tensors. If you encounter memory problems or are not actively debugging, consider disabling this option.
  warnings.warn(
/home/scramer/VectorBlox-SDK/vbx_env/lib/python3.10/site-packages/tensorflow/lite/python/interpreter.py:457: UserWarning:     Warning: tf.lite.Interpreter is deprecated and is scheduled for deletion in
    TF 2.20. Please use the LiteRT interpreter from the ai_edge_litert package.
    See the [migration guide](https://ai.google.dev/edge/litert/migration)
    for details.
    
  warnings.warn(_INTERPRETER_DELETION_WARNING)
/home/scramer/VectorBlox-SDK/vbx_env/lib/python3.10/site-packages/tensorflow/lite/python/interpreter.py:465: UserWarning: Warning: Enabling `experimental_preserve_all_tensors` with the BUILTIN or AUTO op resolver is intended for debugging purposes only. Be aware that this can significantly increase memory usage by storing all intermediate tensors. If you encounter memory problems or are not actively debugging, consider disabling this option.
  warnings.warn(
/home/scramer/VectorBlox-SDK/vbx_env/lib/python3.10/site-packages/tensorflow/lite/python/interpreter.py:457: UserWarning:     Warning: tf.lite.Interpreter is deprecated and is scheduled for deletion in
    TF 2.20. Please use the LiteRT interpreter from the ai_edge_litert package.
    See the [migration guide](https://ai.google.dev/edge/litert/migration)
    for details.
    
  warnings.warn(_INTERPRETER_DELETION_WARNING)
/home/scramer/VectorBlox-SDK/vbx_env/lib/python3.10/site-packages/tensorflow/lite/python/interpreter.py:465: UserWarning: Warning: Enabling `experimental_preserve_all_tensors` with the BUILTIN or AUTO op resolver is intended for debugging purposes only. Be aware that this can significantly increase memory usage by storing all intermediate tensors. If you encounter memory problems or are not actively debugging, consider disabling this option.
  warnings.warn(
/home/scramer/VectorBlox-SDK/vbx_env/lib/python3.10/site-packages/tensorflow/lite/python/interpreter.py:457: UserWarning:     Warning: tf.lite.Interpreter is deprecated and is scheduled for deletion in
    TF 2.20. Please use the LiteRT interpreter from the ai_edge_litert package.
    See the [migration guide](https://ai.google.dev/edge/litert/migration)
    for details.
    
  warnings.warn(_INTERPRETER_DELETION_WARNING)
/home/scramer/VectorBlox-SDK/vbx_env/lib/python3.10/site-packages/tensorflow/lite/python/interpreter.py:465: UserWarning: Warning: Enabling `experimental_preserve_all_tensors` with the BUILTIN or AUTO op resolver is intended for debugging purposes only. Be aware that this can significantly increase memory usage by storing all intermediate tensors. If you encounter memory problems or are not actively debugging, consider disabling this option.
  warnings.warn(
/home/scramer/VectorBlox-SDK/vbx_env/lib/python3.10/site-packages/tensorflow/lite/python/interpreter.py:457: UserWarning:     Warning: tf.lite.Interpreter is deprecated and is scheduled for deletion in
    TF 2.20. Please use the LiteRT interpreter from the ai_edge_litert package.
    See the [migration guide](https://ai.google.dev/edge/litert/migration)
    for details.
    
  warnings.warn(_INTERPRETER_DELETION_WARNING)
/home/scramer/VectorBlox-SDK/vbx_env/lib/python3.10/site-packages/tensorflow/lite/python/interpreter.py:465: UserWarning: Warning: Enabling `experimental_preserve_all_tensors` with the BUILTIN or AUTO op resolver is intended for debugging purposes only. Be aware that this can significantly increase memory usage by storing all intermediate tensors. If you encounter memory problems or are not actively debugging, consider disabling this option.
  warnings.warn(
/home/scramer/VectorBlox-SDK/vbx_env/lib/python3.10/site-packages/tensorflow/lite/python/interpreter.py:457: UserWarning:     Warning: tf.lite.Interpreter is deprecated and is scheduled for deletion in
    TF 2.20. Please use the LiteRT interpreter from the ai_edge_litert package.
    See the [migration guide](https://ai.google.dev/edge/litert/migration)
    for details.
    
  warnings.warn(_INTERPRETER_DELETION_WARNING)
/home/scramer/VectorBlox-SDK/vbx_env/lib/python3.10/site-packages/tensorflow/lite/python/interpreter.py:465: UserWarning: Warning: Enabling `experimental_preserve_all_tensors` with the BUILTIN or AUTO op resolver is intended for debugging purposes only. Be aware that this can significantly increase memory usage by storing all intermediate tensors. If you encounter memory problems or are not actively debugging, consider disabling this option.
  warnings.warn(
/home/scramer/VectorBlox-SDK/vbx_env/lib/python3.10/site-packages/tensorflow/lite/python/interpreter.py:457: UserWarning:     Warning: tf.lite.Interpreter is deprecated and is scheduled for deletion in
    TF 2.20. Please use the LiteRT interpreter from the ai_edge_litert package.
    See the [migration guide](https://ai.google.dev/edge/litert/migration)
    for details.
    
  warnings.warn(_INTERPRETER_DELETION_WARNING)
/home/scramer/VectorBlox-SDK/vbx_env/lib/python3.10/site-packages/tensorflow/lite/python/interpreter.py:465: UserWarning: Warning: Enabling `experimental_preserve_all_tensors` with the BUILTIN or AUTO op resolver is intended for debugging purposes only. Be aware that this can significantly increase memory usage by storing all intermediate tensors. If you encounter memory problems or are not actively debugging, consider disabling this option.
  warnings.warn(
/home/scramer/VectorBlox-SDK/vbx_env/lib/python3.10/site-packages/tensorflow/lite/python/interpreter.py:457: UserWarning:     Warning: tf.lite.Interpreter is deprecated and is scheduled for deletion in
    TF 2.20. Please use the LiteRT interpreter from the ai_edge_litert package.
    See the [migration guide](https://ai.google.dev/edge/litert/migration)
    for details.
    
  warnings.warn(_INTERPRETER_DELETION_WARNING)
/home/scramer/VectorBlox-SDK/vbx_env/lib/python3.10/site-packages/tensorflow/lite/python/interpreter.py:465: UserWarning: Warning: Enabling `experimental_preserve_all_tensors` with the BUILTIN or AUTO op resolver is intended for debugging purposes only. Be aware that this can significantly increase memory usage by storing all intermediate tensors. If you encounter memory problems or are not actively debugging, consider disabling this option.
  warnings.warn(
/home/scramer/VectorBlox-SDK/vbx_env/lib/python3.10/site-packages/tensorflow/lite/python/interpreter.py:457: UserWarning:     Warning: tf.lite.Interpreter is deprecated and is scheduled for deletion in
    TF 2.20. Please use the LiteRT interpreter from the ai_edge_litert package.
    See the [migration guide](https://ai.google.dev/edge/litert/migration)
    for details.
    
  warnings.warn(_INTERPRETER_DELETION_WARNING)
/home/scramer/VectorBlox-SDK/vbx_env/lib/python3.10/site-packages/tensorflow/lite/python/interpreter.py:465: UserWarning: Warning: Enabling `experimental_preserve_all_tensors` with the BUILTIN or AUTO op resolver is intended for debugging purposes only. Be aware that this can significantly increase memory usage by storing all intermediate tensors. If you encounter memory problems or are not actively debugging, consider disabling this option.
  warnings.warn(
/home/scramer/VectorBlox-SDK/vbx_env/lib/python3.10/site-packages/tensorflow/lite/python/interpreter.py:457: UserWarning:     Warning: tf.lite.Interpreter is deprecated and is scheduled for deletion in
    TF 2.20. Please use the LiteRT interpreter from the ai_edge_litert package.
    See the [migration guide](https://ai.google.dev/edge/litert/migration)
    for details.
    
  warnings.warn(_INTERPRETER_DELETION_WARNING)
/home/scramer/VectorBlox-SDK/vbx_env/lib/python3.10/site-packages/tensorflow/lite/python/interpreter.py:465: UserWarning: Warning: Enabling `experimental_preserve_all_tensors` with the BUILTIN or AUTO op resolver is intended for debugging purposes only. Be aware that this can significantly increase memory usage by storing all intermediate tensors. If you encounter memory problems or are not actively debugging, consider disabling this option.
  warnings.warn(
/home/scramer/VectorBlox-SDK/vbx_env/lib/python3.10/site-packages/tensorflow/lite/python/interpreter.py:457: UserWarning:     Warning: tf.lite.Interpreter is deprecated and is scheduled for deletion in
    TF 2.20. Please use the LiteRT interpreter from the ai_edge_litert package.
    See the [migration guide](https://ai.google.dev/edge/litert/migration)
    for details.
    
  warnings.warn(_INTERPRETER_DELETION_WARNING)
/home/scramer/VectorBlox-SDK/vbx_env/lib/python3.10/site-packages/tensorflow/lite/python/interpreter.py:465: UserWarning: Warning: Enabling `experimental_preserve_all_tensors` with the BUILTIN or AUTO op resolver is intended for debugging purposes only. Be aware that this can significantly increase memory usage by storing all intermediate tensors. If you encounter memory problems or are not actively debugging, consider disabling this option.
  warnings.warn(
/home/scramer/VectorBlox-SDK/vbx_env/lib/python3.10/site-packages/tensorflow/lite/python/interpreter.py:457: UserWarning:     Warning: tf.lite.Interpreter is deprecated and is scheduled for deletion in
    TF 2.20. Please use the LiteRT interpreter from the ai_edge_litert package.
    See the [migration guide](https://ai.google.dev/edge/litert/migration)
    for details.
    
  warnings.warn(_INTERPRETER_DELETION_WARNING)
/home/scramer/VectorBlox-SDK/vbx_env/lib/python3.10/site-packages/tensorflow/lite/python/interpreter.py:465: UserWarning: Warning: Enabling `experimental_preserve_all_tensors` with the BUILTIN or AUTO op resolver is intended for debugging purposes only. Be aware that this can significantly increase memory usage by storing all intermediate tensors. If you encounter memory problems or are not actively debugging, consider disabling this option.
  warnings.warn(
/home/scramer/VectorBlox-SDK/vbx_env/lib/python3.10/site-packages/tensorflow/lite/python/interpreter.py:457: UserWarning:     Warning: tf.lite.Interpreter is deprecated and is scheduled for deletion in
    TF 2.20. Please use the LiteRT interpreter from the ai_edge_litert package.
    See the [migration guide](https://ai.google.dev/edge/litert/migration)
    for details.
    
  warnings.warn(_INTERPRETER_DELETION_WARNING)
/home/scramer/VectorBlox-SDK/vbx_env/lib/python3.10/site-packages/tensorflow/lite/python/interpreter.py:465: UserWarning: Warning: Enabling `experimental_preserve_all_tensors` with the BUILTIN or AUTO op resolver is intended for debugging purposes only. Be aware that this can significantly increase memory usage by storing all intermediate tensors. If you encounter memory problems or are not actively debugging, consider disabling this option.
  warnings.warn(
/home/scramer/VectorBlox-SDK/vbx_env/lib/python3.10/site-packages/tensorflow/lite/python/interpreter.py:457: UserWarning:     Warning: tf.lite.Interpreter is deprecated and is scheduled for deletion in
    TF 2.20. Please use the LiteRT interpreter from the ai_edge_litert package.
    See the [migration guide](https://ai.google.dev/edge/litert/migration)
    for details.
    
  warnings.warn(_INTERPRETER_DELETION_WARNING)
/home/scramer/VectorBlox-SDK/vbx_env/lib/python3.10/site-packages/tensorflow/lite/python/interpreter.py:465: UserWarning: Warning: Enabling `experimental_preserve_all_tensors` with the BUILTIN or AUTO op resolver is intended for debugging purposes only. Be aware that this can significantly increase memory usage by storing all intermediate tensors. If you encounter memory problems or are not actively debugging, consider disabling this option.
  warnings.warn(
/home/scramer/VectorBlox-SDK/vbx_env/lib/python3.10/site-packages/tensorflow/lite/python/interpreter.py:457: UserWarning:     Warning: tf.lite.Interpreter is deprecated and is scheduled for deletion in
    TF 2.20. Please use the LiteRT interpreter from the ai_edge_litert package.
    See the [migration guide](https://ai.google.dev/edge/litert/migration)
    for details.
    
  warnings.warn(_INTERPRETER_DELETION_WARNING)
/home/scramer/VectorBlox-SDK/vbx_env/lib/python3.10/site-packages/tensorflow/lite/python/interpreter.py:465: UserWarning: Warning: Enabling `experimental_preserve_all_tensors` with the BUILTIN or AUTO op resolver is intended for debugging purposes only. Be aware that this can significantly increase memory usage by storing all intermediate tensors. If you encounter memory problems or are not actively debugging, consider disabling this option.
  warnings.warn(
/home/scramer/VectorBlox-SDK/vbx_env/lib/python3.10/site-packages/tensorflow/lite/python/interpreter.py:457: UserWarning:     Warning: tf.lite.Interpreter is deprecated and is scheduled for deletion in
    TF 2.20. Please use the LiteRT interpreter from the ai_edge_litert package.
    See the [migration guide](https://ai.google.dev/edge/litert/migration)
    for details.
    
  warnings.warn(_INTERPRETER_DELETION_WARNING)
/home/scramer/VectorBlox-SDK/vbx_env/lib/python3.10/site-packages/tensorflow/lite/python/interpreter.py:465: UserWarning: Warning: Enabling `experimental_preserve_all_tensors` with the BUILTIN or AUTO op resolver is intended for debugging purposes only. Be aware that this can significantly increase memory usage by storing all intermediate tensors. If you encounter memory problems or are not actively debugging, consider disabling this option.
  warnings.warn(
/home/scramer/VectorBlox-SDK/vbx_env/lib/python3.10/site-packages/tensorflow/lite/python/interpreter.py:457: UserWarning:     Warning: tf.lite.Interpreter is deprecated and is scheduled for deletion in
    TF 2.20. Please use the LiteRT interpreter from the ai_edge_litert package.
    See the [migration guide](https://ai.google.dev/edge/litert/migration)
    for details.
    
  warnings.warn(_INTERPRETER_DELETION_WARNING)
/home/scramer/VectorBlox-SDK/vbx_env/lib/python3.10/site-packages/tensorflow/lite/python/interpreter.py:465: UserWarning: Warning: Enabling `experimental_preserve_all_tensors` with the BUILTIN or AUTO op resolver is intended for debugging purposes only. Be aware that this can significantly increase memory usage by storing all intermediate tensors. If you encounter memory problems or are not actively debugging, consider disabling this option.
  warnings.warn(
/home/scramer/VectorBlox-SDK/vbx_env/lib/python3.10/site-packages/tensorflow/lite/python/interpreter.py:457: UserWarning:     Warning: tf.lite.Interpreter is deprecated and is scheduled for deletion in
    TF 2.20. Please use the LiteRT interpreter from the ai_edge_litert package.
    See the [migration guide](https://ai.google.dev/edge/litert/migration)
    for details.
    
  warnings.warn(_INTERPRETER_DELETION_WARNING)
/home/scramer/VectorBlox-SDK/vbx_env/lib/python3.10/site-packages/tensorflow/lite/python/interpreter.py:465: UserWarning: Warning: Enabling `experimental_preserve_all_tensors` with the BUILTIN or AUTO op resolver is intended for debugging purposes only. Be aware that this can significantly increase memory usage by storing all intermediate tensors. If you encounter memory problems or are not actively debugging, consider disabling this option.
  warnings.warn(
/home/scramer/VectorBlox-SDK/vbx_env/lib/python3.10/site-packages/tensorflow/lite/python/interpreter.py:457: UserWarning:     Warning: tf.lite.Interpreter is deprecated and is scheduled for deletion in
    TF 2.20. Please use the LiteRT interpreter from the ai_edge_litert package.
    See the [migration guide](https://ai.google.dev/edge/litert/migration)
    for details.
    
  warnings.warn(_INTERPRETER_DELETION_WARNING)
/home/scramer/VectorBlox-SDK/vbx_env/lib/python3.10/site-packages/tensorflow/lite/python/interpreter.py:465: UserWarning: Warning: Enabling `experimental_preserve_all_tensors` with the BUILTIN or AUTO op resolver is intended for debugging purposes only. Be aware that this can significantly increase memory usage by storing all intermediate tensors. If you encounter memory problems or are not actively debugging, consider disabling this option.
  warnings.warn(
/home/scramer/VectorBlox-SDK/vbx_env/lib/python3.10/site-packages/tensorflow/lite/python/interpreter.py:457: UserWarning:     Warning: tf.lite.Interpreter is deprecated and is scheduled for deletion in
    TF 2.20. Please use the LiteRT interpreter from the ai_edge_litert package.
    See the [migration guide](https://ai.google.dev/edge/litert/migration)
    for details.
    
  warnings.warn(_INTERPRETER_DELETION_WARNING)
/home/scramer/VectorBlox-SDK/vbx_env/lib/python3.10/site-packages/tensorflow/lite/python/interpreter.py:465: UserWarning: Warning: Enabling `experimental_preserve_all_tensors` with the BUILTIN or AUTO op resolver is intended for debugging purposes only. Be aware that this can significantly increase memory usage by storing all intermediate tensors. If you encounter memory problems or are not actively debugging, consider disabling this option.
  warnings.warn(
/home/scramer/VectorBlox-SDK/vbx_env/lib/python3.10/site-packages/tensorflow/lite/python/interpreter.py:457: UserWarning:     Warning: tf.lite.Interpreter is deprecated and is scheduled for deletion in
    TF 2.20. Please use the LiteRT interpreter from the ai_edge_litert package.
    See the [migration guide](https://ai.google.dev/edge/litert/migration)
    for details.
    
  warnings.warn(_INTERPRETER_DELETION_WARNING)
/home/scramer/VectorBlox-SDK/vbx_env/lib/python3.10/site-packages/tensorflow/lite/python/interpreter.py:465: UserWarning: Warning: Enabling `experimental_preserve_all_tensors` with the BUILTIN or AUTO op resolver is intended for debugging purposes only. Be aware that this can significantly increase memory usage by storing all intermediate tensors. If you encounter memory problems or are not actively debugging, consider disabling this option.
  warnings.warn(
/home/scramer/VectorBlox-SDK/vbx_env/lib/python3.10/site-packages/tensorflow/lite/python/interpreter.py:457: UserWarning:     Warning: tf.lite.Interpreter is deprecated and is scheduled for deletion in
    TF 2.20. Please use the LiteRT interpreter from the ai_edge_litert package.
    See the [migration guide](https://ai.google.dev/edge/litert/migration)
    for details.
    
  warnings.warn(_INTERPRETER_DELETION_WARNING)
/home/scramer/VectorBlox-SDK/vbx_env/lib/python3.10/site-packages/tensorflow/lite/python/interpreter.py:465: UserWarning: Warning: Enabling `experimental_preserve_all_tensors` with the BUILTIN or AUTO op resolver is intended for debugging purposes only. Be aware that this can significantly increase memory usage by storing all intermediate tensors. If you encounter memory problems or are not actively debugging, consider disabling this option.
  warnings.warn(
/home/scramer/VectorBlox-SDK/vbx_env/lib/python3.10/site-packages/tensorflow/lite/python/interpreter.py:457: UserWarning:     Warning: tf.lite.Interpreter is deprecated and is scheduled for deletion in
    TF 2.20. Please use the LiteRT interpreter from the ai_edge_litert package.
    See the [migration guide](https://ai.google.dev/edge/litert/migration)
    for details.
    
  warnings.warn(_INTERPRETER_DELETION_WARNING)
/home/scramer/VectorBlox-SDK/vbx_env/lib/python3.10/site-packages/tensorflow/lite/python/interpreter.py:465: UserWarning: Warning: Enabling `experimental_preserve_all_tensors` with the BUILTIN or AUTO op resolver is intended for debugging purposes only. Be aware that this can significantly increase memory usage by storing all intermediate tensors. If you encounter memory problems or are not actively debugging, consider disabling this option.
  warnings.warn(
/home/scramer/VectorBlox-SDK/vbx_env/lib/python3.10/site-packages/tensorflow/lite/python/interpreter.py:457: UserWarning:     Warning: tf.lite.Interpreter is deprecated and is scheduled for deletion in
    TF 2.20. Please use the LiteRT interpreter from the ai_edge_litert package.
    See the [migration guide](https://ai.google.dev/edge/litert/migration)
    for details.
    
  warnings.warn(_INTERPRETER_DELETION_WARNING)
/home/scramer/VectorBlox-SDK/vbx_env/lib/python3.10/site-packages/tensorflow/lite/python/interpreter.py:465: UserWarning: Warning: Enabling `experimental_preserve_all_tensors` with the BUILTIN or AUTO op resolver is intended for debugging purposes only. Be aware that this can significantly increase memory usage by storing all intermediate tensors. If you encounter memory problems or are not actively debugging, consider disabling this option.
  warnings.warn(
/home/scramer/VectorBlox-SDK/vbx_env/lib/python3.10/site-packages/tensorflow/lite/python/interpreter.py:457: UserWarning:     Warning: tf.lite.Interpreter is deprecated and is scheduled for deletion in
    TF 2.20. Please use the LiteRT interpreter from the ai_edge_litert package.
    See the [migration guide](https://ai.google.dev/edge/litert/migration)
    for details.
    
  warnings.warn(_INTERPRETER_DELETION_WARNING)
/home/scramer/VectorBlox-SDK/vbx_env/lib/python3.10/site-packages/tensorflow/lite/python/interpreter.py:465: UserWarning: Warning: Enabling `experimental_preserve_all_tensors` with the BUILTIN or AUTO op resolver is intended for debugging purposes only. Be aware that this can significantly increase memory usage by storing all intermediate tensors. If you encounter memory problems or are not actively debugging, consider disabling this option.
  warnings.warn(
/home/scramer/VectorBlox-SDK/vbx_env/lib/python3.10/site-packages/tensorflow/lite/python/interpreter.py:457: UserWarning:     Warning: tf.lite.Interpreter is deprecated and is scheduled for deletion in
    TF 2.20. Please use the LiteRT interpreter from the ai_edge_litert package.
    See the [migration guide](https://ai.google.dev/edge/litert/migration)
    for details.
    
  warnings.warn(_INTERPRETER_DELETION_WARNING)
/home/scramer/VectorBlox-SDK/vbx_env/lib/python3.10/site-packages/tensorflow/lite/python/interpreter.py:465: UserWarning: Warning: Enabling `experimental_preserve_all_tensors` with the BUILTIN or AUTO op resolver is intended for debugging purposes only. Be aware that this can significantly increase memory usage by storing all intermediate tensors. If you encounter memory problems or are not actively debugging, consider disabling this option.
  warnings.warn(
/home/scramer/VectorBlox-SDK/vbx_env/lib/python3.10/site-packages/tensorflow/lite/python/interpreter.py:457: UserWarning:     Warning: tf.lite.Interpreter is deprecated and is scheduled for deletion in
    TF 2.20. Please use the LiteRT interpreter from the ai_edge_litert package.
    See the [migration guide](https://ai.google.dev/edge/litert/migration)
    for details.
    
  warnings.warn(_INTERPRETER_DELETION_WARNING)
/home/scramer/VectorBlox-SDK/vbx_env/lib/python3.10/site-packages/tensorflow/lite/python/interpreter.py:465: UserWarning: Warning: Enabling `experimental_preserve_all_tensors` with the BUILTIN or AUTO op resolver is intended for debugging purposes only. Be aware that this can significantly increase memory usage by storing all intermediate tensors. If you encounter memory problems or are not actively debugging, consider disabling this option.
  warnings.warn(
/home/scramer/VectorBlox-SDK/vbx_env/lib/python3.10/site-packages/tensorflow/lite/python/interpreter.py:457: UserWarning:     Warning: tf.lite.Interpreter is deprecated and is scheduled for deletion in
    TF 2.20. Please use the LiteRT interpreter from the ai_edge_litert package.
    See the [migration guide](https://ai.google.dev/edge/litert/migration)
    for details.
    
  warnings.warn(_INTERPRETER_DELETION_WARNING)
/home/scramer/VectorBlox-SDK/vbx_env/lib/python3.10/site-packages/tensorflow/lite/python/interpreter.py:465: UserWarning: Warning: Enabling `experimental_preserve_all_tensors` with the BUILTIN or AUTO op resolver is intended for debugging purposes only. Be aware that this can significantly increase memory usage by storing all intermediate tensors. If you encounter memory problems or are not actively debugging, consider disabling this option.
  warnings.warn(
/home/scramer/VectorBlox-SDK/vbx_env/lib/python3.10/site-packages/tensorflow/lite/python/interpreter.py:457: UserWarning:     Warning: tf.lite.Interpreter is deprecated and is scheduled for deletion in
    TF 2.20. Please use the LiteRT interpreter from the ai_edge_litert package.
    See the [migration guide](https://ai.google.dev/edge/litert/migration)
    for details.
    
  warnings.warn(_INTERPRETER_DELETION_WARNING)
/home/scramer/VectorBlox-SDK/vbx_env/lib/python3.10/site-packages/tensorflow/lite/python/interpreter.py:465: UserWarning: Warning: Enabling `experimental_preserve_all_tensors` with the BUILTIN or AUTO op resolver is intended for debugging purposes only. Be aware that this can significantly increase memory usage by storing all intermediate tensors. If you encounter memory problems or are not actively debugging, consider disabling this option.
  warnings.warn(
/home/scramer/VectorBlox-SDK/vbx_env/lib/python3.10/site-packages/tensorflow/lite/python/interpreter.py:457: UserWarning:     Warning: tf.lite.Interpreter is deprecated and is scheduled for deletion in
    TF 2.20. Please use the LiteRT interpreter from the ai_edge_litert package.
    See the [migration guide](https://ai.google.dev/edge/litert/migration)
    for details.
    
  warnings.warn(_INTERPRETER_DELETION_WARNING)
/home/scramer/VectorBlox-SDK/vbx_env/lib/python3.10/site-packages/tensorflow/lite/python/interpreter.py:465: UserWarning: Warning: Enabling `experimental_preserve_all_tensors` with the BUILTIN or AUTO op resolver is intended for debugging purposes only. Be aware that this can significantly increase memory usage by storing all intermediate tensors. If you encounter memory problems or are not actively debugging, consider disabling this option.
  warnings.warn(
/home/scramer/VectorBlox-SDK/vbx_env/lib/python3.10/site-packages/tensorflow/lite/python/interpreter.py:457: UserWarning:     Warning: tf.lite.Interpreter is deprecated and is scheduled for deletion in
    TF 2.20. Please use the LiteRT interpreter from the ai_edge_litert package.
    See the [migration guide](https://ai.google.dev/edge/litert/migration)
    for details.
    
  warnings.warn(_INTERPRETER_DELETION_WARNING)
/home/scramer/VectorBlox-SDK/vbx_env/lib/python3.10/site-packages/tensorflow/lite/python/interpreter.py:465: UserWarning: Warning: Enabling `experimental_preserve_all_tensors` with the BUILTIN or AUTO op resolver is intended for debugging purposes only. Be aware that this can significantly increase memory usage by storing all intermediate tensors. If you encounter memory problems or are not actively debugging, consider disabling this option.
  warnings.warn(
/home/scramer/VectorBlox-SDK/vbx_env/lib/python3.10/site-packages/tensorflow/lite/python/interpreter.py:457: UserWarning:     Warning: tf.lite.Interpreter is deprecated and is scheduled for deletion in
    TF 2.20. Please use the LiteRT interpreter from the ai_edge_litert package.
    See the [migration guide](https://ai.google.dev/edge/litert/migration)
    for details.
    
  warnings.warn(_INTERPRETER_DELETION_WARNING)
/home/scramer/VectorBlox-SDK/vbx_env/lib/python3.10/site-packages/tensorflow/lite/python/interpreter.py:465: UserWarning: Warning: Enabling `experimental_preserve_all_tensors` with the BUILTIN or AUTO op resolver is intended for debugging purposes only. Be aware that this can significantly increase memory usage by storing all intermediate tensors. If you encounter memory problems or are not actively debugging, consider disabling this option.
  warnings.warn(
/home/scramer/VectorBlox-SDK/vbx_env/lib/python3.10/site-packages/tensorflow/lite/python/interpreter.py:457: UserWarning:     Warning: tf.lite.Interpreter is deprecated and is scheduled for deletion in
    TF 2.20. Please use the LiteRT interpreter from the ai_edge_litert package.
    See the [migration guide](https://ai.google.dev/edge/litert/migration)
    for details.
    
  warnings.warn(_INTERPRETER_DELETION_WARNING)
/home/scramer/VectorBlox-SDK/vbx_env/lib/python3.10/site-packages/tensorflow/lite/python/interpreter.py:465: UserWarning: Warning: Enabling `experimental_preserve_all_tensors` with the BUILTIN or AUTO op resolver is intended for debugging purposes only. Be aware that this can significantly increase memory usage by storing all intermediate tensors. If you encounter memory problems or are not actively debugging, consider disabling this option.
  warnings.warn(
/home/scramer/VectorBlox-SDK/vbx_env/lib/python3.10/site-packages/tensorflow/lite/python/interpreter.py:457: UserWarning:     Warning: tf.lite.Interpreter is deprecated and is scheduled for deletion in
    TF 2.20. Please use the LiteRT interpreter from the ai_edge_litert package.
    See the [migration guide](https://ai.google.dev/edge/litert/migration)
    for details.
    
  warnings.warn(_INTERPRETER_DELETION_WARNING)
/home/scramer/VectorBlox-SDK/vbx_env/lib/python3.10/site-packages/tensorflow/lite/python/interpreter.py:465: UserWarning: Warning: Enabling `experimental_preserve_all_tensors` with the BUILTIN or AUTO op resolver is intended for debugging purposes only. Be aware that this can significantly increase memory usage by storing all intermediate tensors. If you encounter memory problems or are not actively debugging, consider disabling this option.
  warnings.warn(
/home/scramer/VectorBlox-SDK/vbx_env/lib/python3.10/site-packages/tensorflow/lite/python/interpreter.py:457: UserWarning:     Warning: tf.lite.Interpreter is deprecated and is scheduled for deletion in
    TF 2.20. Please use the LiteRT interpreter from the ai_edge_litert package.
    See the [migration guide](https://ai.google.dev/edge/litert/migration)
    for details.
    
  warnings.warn(_INTERPRETER_DELETION_WARNING)
/home/scramer/VectorBlox-SDK/vbx_env/lib/python3.10/site-packages/tensorflow/lite/python/interpreter.py:465: UserWarning: Warning: Enabling `experimental_preserve_all_tensors` with the BUILTIN or AUTO op resolver is intended for debugging purposes only. Be aware that this can significantly increase memory usage by storing all intermediate tensors. If you encounter memory problems or are not actively debugging, consider disabling this option.
  warnings.warn(
/home/scramer/VectorBlox-SDK/vbx_env/lib/python3.10/site-packages/tensorflow/lite/python/interpreter.py:457: UserWarning:     Warning: tf.lite.Interpreter is deprecated and is scheduled for deletion in
    TF 2.20. Please use the LiteRT interpreter from the ai_edge_litert package.
    See the [migration guide](https://ai.google.dev/edge/litert/migration)
    for details.
    
  warnings.warn(_INTERPRETER_DELETION_WARNING)
/home/scramer/VectorBlox-SDK/vbx_env/lib/python3.10/site-packages/tensorflow/lite/python/interpreter.py:465: UserWarning: Warning: Enabling `experimental_preserve_all_tensors` with the BUILTIN or AUTO op resolver is intended for debugging purposes only. Be aware that this can significantly increase memory usage by storing all intermediate tensors. If you encounter memory problems or are not actively debugging, consider disabling this option.
  warnings.warn(
/home/scramer/VectorBlox-SDK/vbx_env/lib/python3.10/site-packages/tensorflow/lite/python/interpreter.py:457: UserWarning:     Warning: tf.lite.Interpreter is deprecated and is scheduled for deletion in
    TF 2.20. Please use the LiteRT interpreter from the ai_edge_litert package.
    See the [migration guide](https://ai.google.dev/edge/litert/migration)
    for details.
    
  warnings.warn(_INTERPRETER_DELETION_WARNING)
/home/scramer/VectorBlox-SDK/vbx_env/lib/python3.10/site-packages/tensorflow/lite/python/interpreter.py:465: UserWarning: Warning: Enabling `experimental_preserve_all_tensors` with the BUILTIN or AUTO op resolver is intended for debugging purposes only. Be aware that this can significantly increase memory usage by storing all intermediate tensors. If you encounter memory problems or are not actively debugging, consider disabling this option.
  warnings.warn(
/home/scramer/VectorBlox-SDK/vbx_env/lib/python3.10/site-packages/tensorflow/lite/python/interpreter.py:457: UserWarning:     Warning: tf.lite.Interpreter is deprecated and is scheduled for deletion in
    TF 2.20. Please use the LiteRT interpreter from the ai_edge_litert package.
    See the [migration guide](https://ai.google.dev/edge/litert/migration)
    for details.
    
  warnings.warn(_INTERPRETER_DELETION_WARNING)
/home/scramer/VectorBlox-SDK/vbx_env/lib/python3.10/site-packages/tensorflow/lite/python/interpreter.py:465: UserWarning: Warning: Enabling `experimental_preserve_all_tensors` with the BUILTIN or AUTO op resolver is intended for debugging purposes only. Be aware that this can significantly increase memory usage by storing all intermediate tensors. If you encounter memory problems or are not actively debugging, consider disabling this option.
  warnings.warn(
/home/scramer/VectorBlox-SDK/vbx_env/lib/python3.10/site-packages/tensorflow/lite/python/interpreter.py:457: UserWarning:     Warning: tf.lite.Interpreter is deprecated and is scheduled for deletion in
    TF 2.20. Please use the LiteRT interpreter from the ai_edge_litert package.
    See the [migration guide](https://ai.google.dev/edge/litert/migration)
    for details.
    
  warnings.warn(_INTERPRETER_DELETION_WARNING)
/home/scramer/VectorBlox-SDK/vbx_env/lib/python3.10/site-packages/tensorflow/lite/python/interpreter.py:465: UserWarning: Warning: Enabling `experimental_preserve_all_tensors` with the BUILTIN or AUTO op resolver is intended for debugging purposes only. Be aware that this can significantly increase memory usage by storing all intermediate tensors. If you encounter memory problems or are not actively debugging, consider disabling this option.
  warnings.warn(
/home/scramer/VectorBlox-SDK/vbx_env/lib/python3.10/site-packages/tensorflow/lite/python/interpreter.py:457: UserWarning:     Warning: tf.lite.Interpreter is deprecated and is scheduled for deletion in
    TF 2.20. Please use the LiteRT interpreter from the ai_edge_litert package.
    See the [migration guide](https://ai.google.dev/edge/litert/migration)
    for details.
    
  warnings.warn(_INTERPRETER_DELETION_WARNING)
/home/scramer/VectorBlox-SDK/vbx_env/lib/python3.10/site-packages/tensorflow/lite/python/interpreter.py:465: UserWarning: Warning: Enabling `experimental_preserve_all_tensors` with the BUILTIN or AUTO op resolver is intended for debugging purposes only. Be aware that this can significantly increase memory usage by storing all intermediate tensors. If you encounter memory problems or are not actively debugging, consider disabling this option.
  warnings.warn(
/home/scramer/VectorBlox-SDK/vbx_env/lib/python3.10/site-packages/tensorflow/lite/python/interpreter.py:457: UserWarning:     Warning: tf.lite.Interpreter is deprecated and is scheduled for deletion in
    TF 2.20. Please use the LiteRT interpreter from the ai_edge_litert package.
    See the [migration guide](https://ai.google.dev/edge/litert/migration)
    for details.
    
  warnings.warn(_INTERPRETER_DELETION_WARNING)
/home/scramer/VectorBlox-SDK/vbx_env/lib/python3.10/site-packages/tensorflow/lite/python/interpreter.py:465: UserWarning: Warning: Enabling `experimental_preserve_all_tensors` with the BUILTIN or AUTO op resolver is intended for debugging purposes only. Be aware that this can significantly increase memory usage by storing all intermediate tensors. If you encounter memory problems or are not actively debugging, consider disabling this option.
  warnings.warn(
/home/scramer/VectorBlox-SDK/vbx_env/lib/python3.10/site-packages/tensorflow/lite/python/interpreter.py:457: UserWarning:     Warning: tf.lite.Interpreter is deprecated and is scheduled for deletion in
    TF 2.20. Please use the LiteRT interpreter from the ai_edge_litert package.
    See the [migration guide](https://ai.google.dev/edge/litert/migration)
    for details.
    
  warnings.warn(_INTERPRETER_DELETION_WARNING)
/home/scramer/VectorBlox-SDK/vbx_env/lib/python3.10/site-packages/tensorflow/lite/python/interpreter.py:465: UserWarning: Warning: Enabling `experimental_preserve_all_tensors` with the BUILTIN or AUTO op resolver is intended for debugging purposes only. Be aware that this can significantly increase memory usage by storing all intermediate tensors. If you encounter memory problems or are not actively debugging, consider disabling this option.
  warnings.warn(
/home/scramer/VectorBlox-SDK/vbx_env/lib/python3.10/site-packages/tensorflow/lite/python/interpreter.py:457: UserWarning:     Warning: tf.lite.Interpreter is deprecated and is scheduled for deletion in
    TF 2.20. Please use the LiteRT interpreter from the ai_edge_litert package.
    See the [migration guide](https://ai.google.dev/edge/litert/migration)
    for details.
    
  warnings.warn(_INTERPRETER_DELETION_WARNING)
/home/scramer/VectorBlox-SDK/vbx_env/lib/python3.10/site-packages/tensorflow/lite/python/interpreter.py:465: UserWarning: Warning: Enabling `experimental_preserve_all_tensors` with the BUILTIN or AUTO op resolver is intended for debugging purposes only. Be aware that this can significantly increase memory usage by storing all intermediate tensors. If you encounter memory problems or are not actively debugging, consider disabling this option.
  warnings.warn(
/home/scramer/VectorBlox-SDK/vbx_env/lib/python3.10/site-packages/tensorflow/lite/python/interpreter.py:457: UserWarning:     Warning: tf.lite.Interpreter is deprecated and is scheduled for deletion in
    TF 2.20. Please use the LiteRT interpreter from the ai_edge_litert package.
    See the [migration guide](https://ai.google.dev/edge/litert/migration)
    for details.
    
  warnings.warn(_INTERPRETER_DELETION_WARNING)
/home/scramer/VectorBlox-SDK/vbx_env/lib/python3.10/site-packages/tensorflow/lite/python/interpreter.py:465: UserWarning: Warning: Enabling `experimental_preserve_all_tensors` with the BUILTIN or AUTO op resolver is intended for debugging purposes only. Be aware that this can significantly increase memory usage by storing all intermediate tensors. If you encounter memory problems or are not actively debugging, consider disabling this option.
  warnings.warn(
/home/scramer/VectorBlox-SDK/vbx_env/lib/python3.10/site-packages/tensorflow/lite/python/interpreter.py:457: UserWarning:     Warning: tf.lite.Interpreter is deprecated and is scheduled for deletion in
    TF 2.20. Please use the LiteRT interpreter from the ai_edge_litert package.
    See the [migration guide](https://ai.google.dev/edge/litert/migration)
    for details.
    
  warnings.warn(_INTERPRETER_DELETION_WARNING)
/home/scramer/VectorBlox-SDK/vbx_env/lib/python3.10/site-packages/tensorflow/lite/python/interpreter.py:465: UserWarning: Warning: Enabling `experimental_preserve_all_tensors` with the BUILTIN or AUTO op resolver is intended for debugging purposes only. Be aware that this can significantly increase memory usage by storing all intermediate tensors. If you encounter memory problems or are not actively debugging, consider disabling this option.
  warnings.warn(
/home/scramer/VectorBlox-SDK/vbx_env/lib/python3.10/site-packages/tensorflow/lite/python/interpreter.py:457: UserWarning:     Warning: tf.lite.Interpreter is deprecated and is scheduled for deletion in
    TF 2.20. Please use the LiteRT interpreter from the ai_edge_litert package.
    See the [migration guide](https://ai.google.dev/edge/litert/migration)
    for details.
    
  warnings.warn(_INTERPRETER_DELETION_WARNING)
/home/scramer/VectorBlox-SDK/vbx_env/lib/python3.10/site-packages/tensorflow/lite/python/interpreter.py:465: UserWarning: Warning: Enabling `experimental_preserve_all_tensors` with the BUILTIN or AUTO op resolver is intended for debugging purposes only. Be aware that this can significantly increase memory usage by storing all intermediate tensors. If you encounter memory problems or are not actively debugging, consider disabling this option.
  warnings.warn(
/home/scramer/VectorBlox-SDK/vbx_env/lib/python3.10/site-packages/tensorflow/lite/python/interpreter.py:457: UserWarning:     Warning: tf.lite.Interpreter is deprecated and is scheduled for deletion in
    TF 2.20. Please use the LiteRT interpreter from the ai_edge_litert package.
    See the [migration guide](https://ai.google.dev/edge/litert/migration)
    for details.
    
  warnings.warn(_INTERPRETER_DELETION_WARNING)
/home/scramer/VectorBlox-SDK/vbx_env/lib/python3.10/site-packages/tensorflow/lite/python/interpreter.py:465: UserWarning: Warning: Enabling `experimental_preserve_all_tensors` with the BUILTIN or AUTO op resolver is intended for debugging purposes only. Be aware that this can significantly increase memory usage by storing all intermediate tensors. If you encounter memory problems or are not actively debugging, consider disabling this option.
  warnings.warn(
/home/scramer/VectorBlox-SDK/vbx_env/lib/python3.10/site-packages/tensorflow/lite/python/interpreter.py:457: UserWarning:     Warning: tf.lite.Interpreter is deprecated and is scheduled for deletion in
    TF 2.20. Please use the LiteRT interpreter from the ai_edge_litert package.
    See the [migration guide](https://ai.google.dev/edge/litert/migration)
    for details.
    
  warnings.warn(_INTERPRETER_DELETION_WARNING)
/home/scramer/VectorBlox-SDK/vbx_env/lib/python3.10/site-packages/tensorflow/lite/python/interpreter.py:465: UserWarning: Warning: Enabling `experimental_preserve_all_tensors` with the BUILTIN or AUTO op resolver is intended for debugging purposes only. Be aware that this can significantly increase memory usage by storing all intermediate tensors. If you encounter memory problems or are not actively debugging, consider disabling this option.
  warnings.warn(
/home/scramer/VectorBlox-SDK/vbx_env/lib/python3.10/site-packages/tensorflow/lite/python/interpreter.py:457: UserWarning:     Warning: tf.lite.Interpreter is deprecated and is scheduled for deletion in
    TF 2.20. Please use the LiteRT interpreter from the ai_edge_litert package.
    See the [migration guide](https://ai.google.dev/edge/litert/migration)
    for details.
    
  warnings.warn(_INTERPRETER_DELETION_WARNING)
/home/scramer/VectorBlox-SDK/vbx_env/lib/python3.10/site-packages/tensorflow/lite/python/interpreter.py:465: UserWarning: Warning: Enabling `experimental_preserve_all_tensors` with the BUILTIN or AUTO op resolver is intended for debugging purposes only. Be aware that this can significantly increase memory usage by storing all intermediate tensors. If you encounter memory problems or are not actively debugging, consider disabling this option.
  warnings.warn(
/home/scramer/VectorBlox-SDK/vbx_env/lib/python3.10/site-packages/tensorflow/lite/python/interpreter.py:457: UserWarning:     Warning: tf.lite.Interpreter is deprecated and is scheduled for deletion in
    TF 2.20. Please use the LiteRT interpreter from the ai_edge_litert package.
    See the [migration guide](https://ai.google.dev/edge/litert/migration)
    for details.
    
  warnings.warn(_INTERPRETER_DELETION_WARNING)
/home/scramer/VectorBlox-SDK/vbx_env/lib/python3.10/site-packages/tensorflow/lite/python/interpreter.py:465: UserWarning: Warning: Enabling `experimental_preserve_all_tensors` with the BUILTIN or AUTO op resolver is intended for debugging purposes only. Be aware that this can significantly increase memory usage by storing all intermediate tensors. If you encounter memory problems or are not actively debugging, consider disabling this option.
  warnings.warn(
/home/scramer/VectorBlox-SDK/vbx_env/lib/python3.10/site-packages/tensorflow/lite/python/interpreter.py:457: UserWarning:     Warning: tf.lite.Interpreter is deprecated and is scheduled for deletion in
    TF 2.20. Please use the LiteRT interpreter from the ai_edge_litert package.
    See the [migration guide](https://ai.google.dev/edge/litert/migration)
    for details.
    
  warnings.warn(_INTERPRETER_DELETION_WARNING)
/home/scramer/VectorBlox-SDK/vbx_env/lib/python3.10/site-packages/tensorflow/lite/python/interpreter.py:465: UserWarning: Warning: Enabling `experimental_preserve_all_tensors` with the BUILTIN or AUTO op resolver is intended for debugging purposes only. Be aware that this can significantly increase memory usage by storing all intermediate tensors. If you encounter memory problems or are not actively debugging, consider disabling this option.
  warnings.warn(
/home/scramer/VectorBlox-SDK/vbx_env/lib/python3.10/site-packages/tensorflow/lite/python/interpreter.py:457: UserWarning:     Warning: tf.lite.Interpreter is deprecated and is scheduled for deletion in
    TF 2.20. Please use the LiteRT interpreter from the ai_edge_litert package.
    See the [migration guide](https://ai.google.dev/edge/litert/migration)
    for details.
    
  warnings.warn(_INTERPRETER_DELETION_WARNING)
/home/scramer/VectorBlox-SDK/vbx_env/lib/python3.10/site-packages/tensorflow/lite/python/interpreter.py:465: UserWarning: Warning: Enabling `experimental_preserve_all_tensors` with the BUILTIN or AUTO op resolver is intended for debugging purposes only. Be aware that this can significantly increase memory usage by storing all intermediate tensors. If you encounter memory problems or are not actively debugging, consider disabling this option.
  warnings.warn(
/home/scramer/VectorBlox-SDK/vbx_env/lib/python3.10/site-packages/tensorflow/lite/python/interpreter.py:457: UserWarning:     Warning: tf.lite.Interpreter is deprecated and is scheduled for deletion in
    TF 2.20. Please use the LiteRT interpreter from the ai_edge_litert package.
    See the [migration guide](https://ai.google.dev/edge/litert/migration)
    for details.
    
  warnings.warn(_INTERPRETER_DELETION_WARNING)
/home/scramer/VectorBlox-SDK/vbx_env/lib/python3.10/site-packages/tensorflow/lite/python/interpreter.py:465: UserWarning: Warning: Enabling `experimental_preserve_all_tensors` with the BUILTIN or AUTO op resolver is intended for debugging purposes only. Be aware that this can significantly increase memory usage by storing all intermediate tensors. If you encounter memory problems or are not actively debugging, consider disabling this option.
  warnings.warn(
/home/scramer/VectorBlox-SDK/vbx_env/lib/python3.10/site-packages/tensorflow/lite/python/interpreter.py:457: UserWarning:     Warning: tf.lite.Interpreter is deprecated and is scheduled for deletion in
    TF 2.20. Please use the LiteRT interpreter from the ai_edge_litert package.
    See the [migration guide](https://ai.google.dev/edge/litert/migration)
    for details.
    
  warnings.warn(_INTERPRETER_DELETION_WARNING)
/home/scramer/VectorBlox-SDK/vbx_env/lib/python3.10/site-packages/tensorflow/lite/python/interpreter.py:465: UserWarning: Warning: Enabling `experimental_preserve_all_tensors` with the BUILTIN or AUTO op resolver is intended for debugging purposes only. Be aware that this can significantly increase memory usage by storing all intermediate tensors. If you encounter memory problems or are not actively debugging, consider disabling this option.
  warnings.warn(
/home/scramer/VectorBlox-SDK/vbx_env/lib/python3.10/site-packages/tensorflow/lite/python/interpreter.py:457: UserWarning:     Warning: tf.lite.Interpreter is deprecated and is scheduled for deletion in
    TF 2.20. Please use the LiteRT interpreter from the ai_edge_litert package.
    See the [migration guide](https://ai.google.dev/edge/litert/migration)
    for details.
    
  warnings.warn(_INTERPRETER_DELETION_WARNING)
/home/scramer/VectorBlox-SDK/vbx_env/lib/python3.10/site-packages/tensorflow/lite/python/interpreter.py:465: UserWarning: Warning: Enabling `experimental_preserve_all_tensors` with the BUILTIN or AUTO op resolver is intended for debugging purposes only. Be aware that this can significantly increase memory usage by storing all intermediate tensors. If you encounter memory problems or are not actively debugging, consider disabling this option.
  warnings.warn(
/home/scramer/VectorBlox-SDK/vbx_env/lib/python3.10/site-packages/tensorflow/lite/python/interpreter.py:457: UserWarning:     Warning: tf.lite.Interpreter is deprecated and is scheduled for deletion in
    TF 2.20. Please use the LiteRT interpreter from the ai_edge_litert package.
    See the [migration guide](https://ai.google.dev/edge/litert/migration)
    for details.
    
  warnings.warn(_INTERPRETER_DELETION_WARNING)
/home/scramer/VectorBlox-SDK/vbx_env/lib/python3.10/site-packages/tensorflow/lite/python/interpreter.py:465: UserWarning: Warning: Enabling `experimental_preserve_all_tensors` with the BUILTIN or AUTO op resolver is intended for debugging purposes only. Be aware that this can significantly increase memory usage by storing all intermediate tensors. If you encounter memory problems or are not actively debugging, consider disabling this option.
  warnings.warn(
/home/scramer/VectorBlox-SDK/vbx_env/lib/python3.10/site-packages/tensorflow/lite/python/interpreter.py:457: UserWarning:     Warning: tf.lite.Interpreter is deprecated and is scheduled for deletion in
    TF 2.20. Please use the LiteRT interpreter from the ai_edge_litert package.
    See the [migration guide](https://ai.google.dev/edge/litert/migration)
    for details.
    
  warnings.warn(_INTERPRETER_DELETION_WARNING)
/home/scramer/VectorBlox-SDK/vbx_env/lib/python3.10/site-packages/tensorflow/lite/python/interpreter.py:465: UserWarning: Warning: Enabling `experimental_preserve_all_tensors` with the BUILTIN or AUTO op resolver is intended for debugging purposes only. Be aware that this can significantly increase memory usage by storing all intermediate tensors. If you encounter memory problems or are not actively debugging, consider disabling this option.
  warnings.warn(
/home/scramer/VectorBlox-SDK/vbx_env/lib/python3.10/site-packages/tensorflow/lite/python/interpreter.py:457: UserWarning:     Warning: tf.lite.Interpreter is deprecated and is scheduled for deletion in
    TF 2.20. Please use the LiteRT interpreter from the ai_edge_litert package.
    See the [migration guide](https://ai.google.dev/edge/litert/migration)
    for details.
    
  warnings.warn(_INTERPRETER_DELETION_WARNING)
/home/scramer/VectorBlox-SDK/vbx_env/lib/python3.10/site-packages/tensorflow/lite/python/interpreter.py:465: UserWarning: Warning: Enabling `experimental_preserve_all_tensors` with the BUILTIN or AUTO op resolver is intended for debugging purposes only. Be aware that this can significantly increase memory usage by storing all intermediate tensors. If you encounter memory problems or are not actively debugging, consider disabling this option.
  warnings.warn(
/home/scramer/VectorBlox-SDK/vbx_env/lib/python3.10/site-packages/tensorflow/lite/python/interpreter.py:457: UserWarning:     Warning: tf.lite.Interpreter is deprecated and is scheduled for deletion in
    TF 2.20. Please use the LiteRT interpreter from the ai_edge_litert package.
    See the [migration guide](https://ai.google.dev/edge/litert/migration)
    for details.
    
  warnings.warn(_INTERPRETER_DELETION_WARNING)
/home/scramer/VectorBlox-SDK/vbx_env/lib/python3.10/site-packages/tensorflow/lite/python/interpreter.py:465: UserWarning: Warning: Enabling `experimental_preserve_all_tensors` with the BUILTIN or AUTO op resolver is intended for debugging purposes only. Be aware that this can significantly increase memory usage by storing all intermediate tensors. If you encounter memory problems or are not actively debugging, consider disabling this option.
  warnings.warn(
/home/scramer/VectorBlox-SDK/vbx_env/lib/python3.10/site-packages/tensorflow/lite/python/interpreter.py:457: UserWarning:     Warning: tf.lite.Interpreter is deprecated and is scheduled for deletion in
    TF 2.20. Please use the LiteRT interpreter from the ai_edge_litert package.
    See the [migration guide](https://ai.google.dev/edge/litert/migration)
    for details.
    
  warnings.warn(_INTERPRETER_DELETION_WARNING)
/home/scramer/VectorBlox-SDK/vbx_env/lib/python3.10/site-packages/tensorflow/lite/python/interpreter.py:465: UserWarning: Warning: Enabling `experimental_preserve_all_tensors` with the BUILTIN or AUTO op resolver is intended for debugging purposes only. Be aware that this can significantly increase memory usage by storing all intermediate tensors. If you encounter memory problems or are not actively debugging, consider disabling this option.
  warnings.warn(
/home/scramer/VectorBlox-SDK/vbx_env/lib/python3.10/site-packages/tensorflow/lite/python/interpreter.py:457: UserWarning:     Warning: tf.lite.Interpreter is deprecated and is scheduled for deletion in
    TF 2.20. Please use the LiteRT interpreter from the ai_edge_litert package.
    See the [migration guide](https://ai.google.dev/edge/litert/migration)
    for details.
    
  warnings.warn(_INTERPRETER_DELETION_WARNING)
/home/scramer/VectorBlox-SDK/vbx_env/lib/python3.10/site-packages/tensorflow/lite/python/interpreter.py:465: UserWarning: Warning: Enabling `experimental_preserve_all_tensors` with the BUILTIN or AUTO op resolver is intended for debugging purposes only. Be aware that this can significantly increase memory usage by storing all intermediate tensors. If you encounter memory problems or are not actively debugging, consider disabling this option.
  warnings.warn(
/home/scramer/VectorBlox-SDK/vbx_env/lib/python3.10/site-packages/tensorflow/lite/python/interpreter.py:457: UserWarning:     Warning: tf.lite.Interpreter is deprecated and is scheduled for deletion in
    TF 2.20. Please use the LiteRT interpreter from the ai_edge_litert package.
    See the [migration guide](https://ai.google.dev/edge/litert/migration)
    for details.
    
  warnings.warn(_INTERPRETER_DELETION_WARNING)
/home/scramer/VectorBlox-SDK/vbx_env/lib/python3.10/site-packages/tensorflow/lite/python/interpreter.py:465: UserWarning: Warning: Enabling `experimental_preserve_all_tensors` with the BUILTIN or AUTO op resolver is intended for debugging purposes only. Be aware that this can significantly increase memory usage by storing all intermediate tensors. If you encounter memory problems or are not actively debugging, consider disabling this option.
  warnings.warn(
/home/scramer/VectorBlox-SDK/vbx_env/lib/python3.10/site-packages/tensorflow/lite/python/interpreter.py:457: UserWarning:     Warning: tf.lite.Interpreter is deprecated and is scheduled for deletion in
    TF 2.20. Please use the LiteRT interpreter from the ai_edge_litert package.
    See the [migration guide](https://ai.google.dev/edge/litert/migration)
    for details.
    
  warnings.warn(_INTERPRETER_DELETION_WARNING)
/home/scramer/VectorBlox-SDK/vbx_env/lib/python3.10/site-packages/tensorflow/lite/python/interpreter.py:465: UserWarning: Warning: Enabling `experimental_preserve_all_tensors` with the BUILTIN or AUTO op resolver is intended for debugging purposes only. Be aware that this can significantly increase memory usage by storing all intermediate tensors. If you encounter memory problems or are not actively debugging, consider disabling this option.
  warnings.warn(
RESHAPE: not implemented
Traceback (most recent call last):
  File "/home/scramer/VectorBlox-SDK/vbx_env/bin/vnnx_compile", line 33, in <module>
    sys.exit(load_entry_point('vbx', 'console_scripts', 'vnnx_compile')())
  File "/home/scramer/VectorBlox-SDK/python/vbx/vbx/generate/lite_flow.py", line 200, in main
    tflite_to_vnnx(optimized_tflite, #args.tflite
  File "/home/scramer/VectorBlox-SDK/python/vbx/vbx/generate/lite_flow.py", line 119, in tflite_to_vnnx
    vnnx_graph_binary = generate_vnnx_from_json_subgraphs(json_graph, initial_splits, activations, size_config, inputs, outputs, include_io_data, tmp_dir, engine_graphs_nx, debug, \
  File "/home/scramer/VectorBlox-SDK/python/vbx/vbx/generate/vnnx_tflite.py", line 2194, in generate_vnnx_from_json_subgraphs
    Nodes = populate_nodes(
  File "/home/scramer/VectorBlox-SDK/python/vbx/vbx/generate/vnnx_tflite.py", line 5556, in populate_nodes
    _process_node_and_subnodes(
  File "/home/scramer/VectorBlox-SDK/python/vbx/vbx/generate/vnnx_tflite.py", line 5183, in _process_node_and_subnodes
    subnode_array, subnode_tensors, prev_subop = populate_subnodes(
  File "/home/scramer/VectorBlox-SDK/python/vbx/vbx/generate/vnnx_tflite.py", line 7317, in populate_subnodes
    assert 0
AssertionError
